// Vitest Snapshot v1, https://vitest.dev/guide/snapshot.html

exports[`<List /> > Snapshots > should match snapshot 1`] = `
.c1 {
  position: relative;
  display: -webkit-box;
  display: -webkit-flex;
  display: -ms-flexbox;
  display: flex;
  -webkit-align-items: center;
  -webkit-box-align: center;
  -ms-flex-align: center;
  align-items: center;
  margin: 0;
  padding: 2px 6px;
  color: #000000;
}

.c1 svg {
  margin-right: 10px;
}

.c1:hover {
  background-color: #000e7a;
  color: #ffffff;
}

.c1 ul {
  display: none;
  position: absolute;
  top: -2px;
  left: 97%;
  color: #000000;
  z-index: 2;
}

.c1 ul svg {
  width: 16px;
  height: 16px;
  margin-right: 6px;
}

.c1:after {
  position: absolute;
  width: 5px;
  height: 8px;
  right: 8px;
  content: '';
  background-color: #000000;
  -webkit-mask-image: url('test-file-stub');
  mask-image: url('test-file-stub');
  -webkit-mask-position: center center;
  mask-position: center center;
  -webkit-mask-size: 5px 8px;
  mask-size: 5px 8px;
  -webkit-mask-repeat: no-repeat;
  mask-repeat: no-repeat;
}

.c1:after svg {
  fill: #ffffff;
}

.c1:hover:after {
  background-color: #ffffff;
}

.c1:hover ul {
  display: block;
}

.c2 {
  position: relative;
  display: -webkit-box;
  display: -webkit-flex;
  display: -ms-flexbox;
  display: flex;
  -webkit-align-items: center;
  -webkit-box-align: center;
  -ms-flex-align: center;
  align-items: center;
  margin: 0;
  padding: 2px 6px;
  color: #000000;
}

.c2 svg {
  margin-right: 10px;
}

.c2:hover {
  background-color: #000e7a;
  color: #ffffff;
}

.c2 ul {
  display: none;
  position: absolute;
  top: -2px;
  left: 97%;
  color: #000000;
  z-index: 2;
}

.c2 ul svg {
  width: 16px;
  height: 16px;
  margin-right: 6px;
}

.c3 {
  height: 1px;
  border-top: 1px solid;
  border-top-color: #868a8e;
  border-bottom: 1px solid;
  border-bottom-color: #ffffff;
  width: 98%;
  margin-left: 2px;
}

.c0 {
  background-color: #c3c7cb;
  padding: 5px 20px 6px;
  border: none;
  margin: 0;
  padding: 2px;
  list-style: none;
  box-shadow: inset 1px 1px 0px 1px #ffffff, inset 0 0 0 1px #868a8e, 1px 1px 0 1px #000000;
  width: 200px;
}

<div>
  <ul
    class="c0"
    width="200"
  >
    <li
      class="c1 default"
    >
      <svg
        height="32"
        shape-rendering="crispEdges"
        viewBox="0 -0.5 32 32"
        width="32"
        xmlns="http://www.w3.org/2000/svg"
      >
        <path
          d="M6 4h8M5 5h1m8 0h1M4 6h1m10 0h7M4 7h1M4 8h1M4 9h1m-1 1h1m-1 1h1m4 0h18M4 12h1m4 0h1m-6 1h1m4 0h1m-6 1h1m4 0h1m-6 1h1m4 0h1m-6 1h1m4 0h1m-6 1h1m4 0h1m-6 1h1m4 0h1m-1 1h1m-1 1h1m-1 1h1m-1 1h1m-1 1h1m2 0h3m2 0h3m2 0h3M9 24h1m-1 1h1m-1 1h1"
          stroke="gray"
        />
        <path
          d="M6 5h1M5 7h17M5 8h1M5 9h1m-1 1h1m-1 1h1m-1 1h1m-1 1h1m14 0h1m1 0h1m1 0h1M5 14h1m-1 1h1m-1 1h1m5 0h15M5 17h1m5 0h15M5 18h1m5 0h2m2 0h2m1 0h5m1 0h2m-15 1h1m3 0h2m3 0h3m2 0h1m-15 1h1m3 0h2m3 0h2m3 0h1m-15 1h1m2 0h2m4 0h2m3 0h1m-15 1h15m-15 1h1m3 0h2m3 0h2m3 0h1m-15 1h15m-15 1h15"
          stroke="#fff"
        />
        <path
          d="M7 5h7M6 8h1m1 0h1m1 0h1m1 0h1m1 0h1m1 0h1m1 0h1m1 0h1M7 9h1m1 0h1m1 0h1m1 0h1m1 0h1m1 0h1m1 0h1m1 0h1M6 10h1m1 0h1m1 0h1m1 0h1m1 0h1m1 0h1m1 0h1m1 0h1M7 11h1m-2 1h1m1 0h1m-2 1h1m-2 1h1m1 0h1m-2 1h1m-2 1h1m1 0h1m-2 1h1m-2 1h1m1 0h1m4 1h1"
          stroke="#ff0"
        />
        <path
          d="M5 6h10M7 8h1m1 0h1m1 0h1m1 0h1m1 0h1m1 0h1m1 0h1m1 0h1M6 9h1m1 0h1m1 0h1m1 0h1m1 0h1m1 0h1m1 0h1m1 0h1M7 10h1m1 0h1m1 0h1m1 0h1m1 0h1m1 0h1m1 0h1m1 0h1M6 11h1m1 0h1m-2 1h1m2 0h17M6 13h1m1 0h1m1 0h1m15 0h1M7 14h1m2 0h1m15 0h1M6 15h1m1 0h1m1 0h17M7 16h1m2 0h1m15 0h1M6 17h1m1 0h1m1 0h1m15 0h1M7 18h1m2 0h1m15 0h1m-17 1h1m15 0h1m-17 1h1m8 0h1m6 0h1m-17 1h1m1 0h1m4 0h1m8 0h1m-17 1h1m15 0h1m-17 1h1m15 0h1m-17 1h1m15 0h1m-17 1h1m15 0h1m-17 1h17"
          stroke="silver"
        />
        <path
          d="M22 7h1m0 1h1m-1 1h1m-1 1h1m3 1h1m-1 1h1m-7 1h1m1 0h1m1 0h1m1 0h1m-8 1h6m1 0h1m-1 1h1m-1 1h1m-1 1h1m-1 1h1m-1 1h1M5 20h4m18 0h1m-1 1h1m-1 1h1m-1 1h1m-1 1h1m-1 1h1m-1 1h1M9 27h19"
          stroke="#000"
        />
        <path
          d="M22 8h1m-1 1h1m-1 1h1M4 19h5"
          stroke="olive"
        />
        <path
          d="M11 13h9m-9 1h9"
          stroke="navy"
        />
        <path
          d="M13 18h1m-2 1h1m0 1h1"
          stroke="red"
        />
        <path
          d="M14 18h1m-1 1h1m-3 1h1m1 0h1m-2 1h1"
          stroke="maroon"
        />
        <path
          d="M17 18h1m0 1h2m-3 1h2m5 0h1"
          stroke="#00f"
        />
        <path
          d="M23 18h1m-1 1h2m-3 1h1m-1 1h3"
          stroke="green"
        />
        <path
          d="M17 19h1"
          stroke="#0ff"
        />
        <path
          d="M23 20h1"
          stroke="#0f0"
        />
        <path
          d="M16 21h1m1 0h2"
          stroke="purple"
        />
      </svg>
      <ul
        class="c0"
        width="200"
      >
        <li
          class="c2 default"
        >
          <svg
            height="32"
            shape-rendering="crispEdges"
            viewBox="0 -0.5 32 32"
            width="32"
            xmlns="http://www.w3.org/2000/svg"
          >
            <path
              d="M10 0h3m1 0h8M8 1h3m2 0h2m2 0h1m4 0h2M6 2h3m2 0h2m2 0h2m7 0h2M6 3h1m2 0h2m2 0h2m2 0h2M6 4h1m4 0h2m2 0h2m2 0h2m6 0h1M6 5h1m6 0h2m2 0h2m2 0h2m5 0h1M6 6h1m8 0h2m2 0h2M6 7h1m10 0h2M5 8h2M5 9h2m-3 1h1m1 0h1m-3 1h1m1 0h1m-3 1h1m1 0h1m-3 1h1m1 0h1m-3 1h3m-5 1h2m2 0h1m16 0h1M0 16h2m2 0h3m17 0h2M0 17h1m1 0h5m19 0h2M0 18h1m3 0h3m19 0h1M0 19h1m3 0h3m17 0h3M0 20h1m4 0h2m15 0h5M0 21h1m4 0h2m13 0h7M0 22h1m5 0h1m11 0h9M0 23h1m5 0h3m7 0h11M0 24h1m7 0h2m5 0h12m-12 1h11m1 0h1m-13 1h9m-9 1h7m-7 1h5m-5 1h3m-3 1h1"
              stroke="gray"
            />
            <path
              d="M13 0h1M7 4h1M7 5h1M7 6h1m3 0h2M7 7h1m3 0h4M7 8h3m1 0h6M7 9h10M5 10h1m1 0h5m1 0h4M7 11h5m1 0h4M7 12h5m1 0h1m1 0h2M7 13h5m1 0h1m1 0h2M7 14h5m1 0h1m1 0h2M4 15h2m1 0h5m1 0h1m1 0h2M2 16h2m3 0h5m1 0h1m1 0h2m6 0h1M1 17h1m5 0h5m1 0h1m1 0h2m7 0h2M2 18h2m3 0h1m1 0h3m1 0h1m1 0h2m7 0h2M3 19h1m3 0h1m1 0h5m1 0h2m5 0h2M4 20h1m2 0h1m1 0h8m3 0h2M4 21h1m2 0h1m1 0h7m2 0h2M5 22h1m1 0h1m1 0h2m5 0h2M5 23h1m3 0h1m1 0h5M6 24h2m2 0h1m-3 1h2"
              stroke="#fff"
            />
            <path
              d="M11 1h2m3 0h1M9 2h2m2 0h2M7 3h2m2 0h2m2 0h2M9 4h2m2 0h2m2 0h2m-8 1h2m2 0h2m2 0h2m-8 1h2m2 0h2m2 0h1m-7 1h2m2 0h1m1 0h1m-5 1h1m1 0h1m1 0h1m-5 1h1m1 0h1m1 0h1m-5 1h1m1 0h1m1 0h1m-5 1h1m1 0h1m1 0h1M5 12h1m11 0h1m1 0h1m1 0h1M5 13h1m11 0h1m1 0h1m1 0h1m-5 1h1m1 0h1m1 0h1m-5 1h1m1 0h1m1 0h1m-5 1h1m1 0h1m1 0h1m-5 1h1m1 0h1m1 0h1m1 0h1M1 18h1m15 0h1m1 0h1m1 0h3M1 19h2m14 0h1m1 0h3M1 20h3m13 0h3M1 21h3m12 0h2M1 22h4m6 0h5M1 23h4m5 0h1m-9 1h4m5 0h4M4 25h4m2 0h5m-9 1h9m-7 1h7m-5 1h5m-3 1h3m-1 1h1"
              stroke="silver"
            />
            <path
              d="M15 1h1m3 0h3m-3 1h1m7 4h1m-5 1h1m3 2h1m-4 1h1M5 11h1m17 3h1"
              stroke="teal"
            />
            <path
              d="M18 1h1m1 1h1m2 6h1m-12 2h1m10 0h1m-12 1h1m11 0h4m-16 1h1m1 0h1m11 0h3m-17 1h1m1 0h1m10 0h3m1 0h1m-18 1h1m1 0h1m10 0h3m-16 1h1m1 0h1m9 0h3m1 0h1m-17 1h1m1 0h1m11 0h2m-16 1h1m1 0h1m-7 1h1m3 0h1m1 0h1m-7 1h1m5 0h1m-7 1h1m-1 1h1m-1 1h1"
              stroke="#00f"
            />
            <path
              d="M17 2h2m2 0h3m-5 1h7m-5 1h6m-4 1h4m-4 1h4m-3 1h3m1 0h1m-5 1h4m1 0h1m-7 1h4m1 0h1m-4 1h3m1 0h1m-2 1h1m1 0h1m-8 1h1m5 0h1m-7 1h1m6 0h1m-2 1h1"
              stroke="green"
            />
            <path
              d="M26 3h1m0 2h1m-6 1h1m6 0h1M20 7h1m1 0h1m4 0h1m1 0h1M18 8h1m1 0h1m1 0h1m7 0h1M18 9h1m1 0h1m1 0h1m7 0h1m-13 1h1m1 0h1m1 0h1m8 0h1m-14 1h1m1 0h1m1 0h1m8 0h1m-14 1h1m1 0h1m1 0h1m8 0h1m-14 1h1m1 0h1m1 0h1m8 0h1m-14 1h1m1 0h1m1 0h1m8 0h1m-14 1h1m1 0h1m1 0h1m8 0h1m-14 1h1m1 0h1m1 0h1m8 0h1m-14 1h1m1 0h1m1 0h1m8 0h1m-14 1h1m1 0h1m6 0h1m2 0h1m-13 1h1m8 0h1m2 0h1m-4 1h1m1 0h1m-3 1h1m1 0h1m-3 1h2m-2 1h1M1 24h1m25 0h1M2 25h2m22 0h1M4 26h2m18 0h2M6 27h2m14 0h2M8 28h2m10 0h2m-12 1h2m6 0h2m-8 1h2m2 0h2m-4 1h2"
              stroke="#000"
            />
            <path
              d="M8 4h1m0 1h1M8 6h3M8 7h1m1 0h1"
              stroke="red"
            />
            <path
              d="M8 5h1m1 0h1M9 7h1m0 1h1"
              stroke="maroon"
            />
            <path
              d="M28 6h1m-1 2h1m0 1h1m-2 1h1m1 0h1m-8 1h1m5 0h1m-6 1h2m4 0h1m-7 1h1m3 0h1m-5 1h1m3 0h1m1 0h1m-4 1h1m1 0h2m-3 1h3m-3 1h3m-3 1h2m-2 1h2m-2 1h1m-1 1h1"
              stroke="navy"
            />
          </svg>
          Microsoft Exchange
        </li>
        <li
          class="c3"
        />
        <li
          class="c2 default"
        >
          <svg
            height="32"
            shape-rendering="crispEdges"
            viewBox="0 -0.5 32 32"
            width="32"
            xmlns="http://www.w3.org/2000/svg"
          >
            <path
              d="M4 0h9M3 1h1m9 0h1M2 2h1m11 0h1M1 3h1m13 0h1M0 4h30M0 5h1m29 0h1M0 6h1m30 0h1M0 7h1m8 0h5m17 0h1M0 8h1m6 0h2m5 0h2m15 0h1M0 9h1m5 0h1m9 0h1m14 0h1M0 10h1m4 0h1m11 0h1m13 0h1M0 11h1m4 0h1m3 0h1m7 0h1m13 0h1M0 12h1m3 0h1m4 0h1m8 0h1m12 0h1M0 13h1m3 0h1m3 0h1m9 0h1m12 0h1M0 14h1m3 0h1m3 0h1m9 0h1m12 0h1M0 15h1m3 0h1m3 0h1m9 0h1m12 0h1M0 16h1m3 0h1m13 0h1m12 0h1M0 17h1m4 0h1m11 0h1m13 0h1M0 18h1m4 0h1m11 0h1m13 0h1M0 19h1m5 0h1m9 0h1m1 0h1m12 0h1M0 20h1m6 0h2m5 0h2m3 0h1m11 0h1M0 21h1m8 0h6m4 0h2m10 0h1M0 22h1m14 0h1m2 0h1m2 0h1m9 0h1M0 23h1m15 0h2m4 0h1m8 0h1M0 24h1m16 0h1m5 0h1m7 0h1M0 25h1m17 0h1m5 0h1m6 0h1M1 26h19m5 0h6m-11 1h1m5 0h1m-6 1h1m5 0h1m-6 1h1m4 0h1m-5 1h1m3 0h1m-4 1h3"
              stroke="#000"
            />
            <path
              d="M4 1h9M3 2h11M2 3h13M1 5h29M1 6h30M1 7h8m5 0h17M1 8h6m2 0h5m2 0h15M1 9h5m1 0h9m1 0h14M1 10h4m1 0h11m1 0h13M1 11h4m1 0h3m1 0h7m1 0h13M1 12h3m1 0h4m1 0h8m1 0h12M1 13h3m1 0h3m1 0h9m1 0h12M1 14h3m1 0h3m1 0h9m1 0h12M1 15h3m1 0h3m1 0h9m1 0h12M1 16h3m1 0h13m1 0h12M1 17h4m1 0h11m1 0h13M1 18h4m1 0h11m1 0h13M1 19h5m1 0h9m1 0h1m1 0h12M1 20h6m2 0h5m2 0h3m1 0h11M1 21h8m6 0h4m2 0h10M1 22h14m1 0h2m1 0h2m1 0h9M1 23h15m2 0h4m1 0h8M1 24h16m1 0h5m1 0h7M1 25h17m1 0h5m1 0h6m-11 1h5m-4 1h5m-4 1h5m-4 1h4m-3 1h3"
              stroke="#fff"
            />
          </svg>
          Windows Explorer
        </li>
      </ul>
      Programs
    </li>
  </ul>
</div>
`;
