// Vitest Snapshot v1, https://vitest.dev/guide/snapshot.html

exports[`<Tree /> > Snapshot > should match snapshot 1`] = `
.c1 {
  list-style-type: none;
  background-repeat: no-repeat;
  background-image: url(test-file-stub);
}

.c1:last-child {
  background-image: url(test-file-stub);
}

.c2 {
  display: -webkit-box;
  display: -webkit-flex;
  display: -ms-flexbox;
  display: flex;
  -webkit-align-items: center;
  -webkit-box-align: center;
  -ms-flex-align: center;
  align-items: center;
  -webkit-user-select: none;
  -moz-user-select: none;
  -ms-user-select: none;
  user-select: none;
  -webkit-user-select: none;
  -khtml-user-select: none;
  -moz-user-select: none;
  -ms-user-select: none;
}

.c3 {
  display: -webkit-box;
  display: -webkit-flex;
  display: -ms-flexbox;
  display: flex;
  -webkit-align-items: center;
  -webkit-box-align: center;
  -ms-flex-align: center;
  align-items: center;
  -webkit-box-pack: center;
  -webkit-justify-content: center;
  -ms-flex-pack: center;
  justify-content: center;
  width: 20px;
  height: 20px;
  margin-right: 6px;
  margin-left: 18px;
}

.c3 > svg {
  width: 14px;
  height: 14px;
}

.c4 {
  outline: none;
  padding: 1px;
}

.c4:focus {
  border-width: 1px;
  border-style: dotted;
  padding: 0;
}

.c0 {
  padding: 0;
}

<div>
  <ul
    class="c0"
  >
    <div
      class="c1"
    >
      <div
        class="c2"
      >
        <div
          class="c3"
        >
          <svg
            data-testid="react95-default-icon-bat"
            height="16"
            shape-rendering="crispEdges"
            viewBox="0 -0.5 16 16"
            width="16"
            xmlns="http://www.w3.org/2000/svg"
          >
            <path
              d="M2 0h10M2 1h1m9 0h1M2 2h1m10 0h1M2 3h1M2 4h1M2 5h1M2 6h1M2 7h1M2 8h1M2 9h1m-1 1h1m-1 1h1m4 0h1m-6 1h1m-1 1h1m-1 1h1"
              stroke="gray"
            />
            <path
              d="M3 1h8M3 2h8m1 0h1M3 3h8M3 4h10M3 5h10M3 6h1m1 0h3m3 0h2M3 7h2m7 0h1M3 8h1m1 0h1m6 0h1M3 9h2m7 0h1M3 10h1m1 0h1m6 0h1M3 11h2m4 0h1m2 0h1M3 12h10M3 13h10"
              stroke="#fff"
            />
            <path
              d="M11 1h1m-1 1h1m1 2h1m-1 1h1m-1 1h1m-1 1h1M6 8h1m6 0h1m-1 1h1m-8 1h1m6 0h1m-6 1h1m1 0h1m2 0h1m-1 1h1m-1 1h1M3 14h11"
              stroke="silver"
            />
            <path
              d="M11 3h4m-1 1h1m-1 1h1M8 6h3m3 0h1M7 7h1m1 0h1m1 0h1m2 0h1M7 8h5m2 0h1M7 9h1m1 0h1m1 0h1m2 0h1M4 10h1m2 0h5m2 0h1M5 11h2m4 0h1m2 0h1m-1 1h1m-1 1h1m-1 1h1M2 15h13"
              stroke="#000"
            />
            <path
              d="M4 6h1m0 1h2m1 0h1"
              stroke="red"
            />
            <path
              d="M10 7h1"
              stroke="green"
            />
            <path
              d="M4 8h1m0 1h2m1 0h1"
              stroke="#00f"
            />
            <path
              d="M10 9h1"
              stroke="#ff0"
            />
          </svg>
        </div>
        <span
          class="c4"
          tabindex="0"
        >
          foo
        </span>
      </div>
    </div>
  </ul>
</div>
`;
